Microchip MPLAB XC8 Compiler V2.05 ()

Linker command line:

-W-3 --edf=C:\Program Files (x86)\Microchip\xc8\v2.05\pic\dat\en_msgs.txt \
  -cs -h+dist/default/production\VolumeControl.X.production.sym \
  --cmf=dist/default/production\VolumeControl.X.production.cmf -z -Q16F877A \
  -oC:\Users\A7MEDG~1.ASH\AppData\Local\Temp\s1vs.3 \
  --defsym=__MPLAB_BUILD=1 \
  -Mdist/default/production/VolumeControl.X.production.map -E1 -ver=XC8 \
  --acfsm=1493 -ASTACK=0110h-016Fh -pstack=STACK -ACODE=00h-07FFhx4 \
  -ASTRCODE=00h-01FFFh -ASTRING=00h-0FFhx32 -ACONST=00h-0FFhx32 \
  -AENTRY=00h-0FFhx32 -ACOMMON=070h-07Fh -ABANK0=020h-06Fh \
  -ABANK1=0A0h-0EFh -ABANK2=0110h-016Fh -ABANK3=0190h-01EFh \
  -ARAM=020h-06Fh,0A0h-0EFh,0110h-016Fh,0190h-01EFh \
  -AABS1=020h-07Fh,0A0h-0EFh,0110h-016Fh,0190h-01EFh -ASFR0=00h-01Fh \
  -ASFR1=080h-09Fh -ASFR2=0100h-010Fh -ASFR3=0180h-018Fh \
  -preset_vec=00h,intentry=04h,init,end_init -ppowerup=CODE -pcinit=CODE \
  -pfunctab=ENTRY -ACONFIG=02007h-02007h -pconfig=CONFIG -DCONFIG=2 \
  -AIDLOC=02000h-02003h -pidloc=IDLOC -DIDLOC=2 -AEEDATA=00h-0FFh/02100h \
  -peeprom_data=EEDATA -DEEDATA=2 -DCODE=2 -DSTRCODE=2 -DSTRING=2 -DCONST=2 \
  -DENTRY=2 -k C:\Users\A7MEDG~1.ASH\AppData\Local\Temp\s1vs.o \
  dist/default/production\VolumeControl.X.production.o 

Object code version is 3.11

Machine type is 16F877A



                Name                               Link     Load   Length Selector   Space Scale
C:\Users\A7MEDG~1.ASH\AppData\Local\Temp\s1vs.o
                end_init                             12       12        3        8       0
                reset_vec                             0        0        3        0       0
                config                             2007     2007        1     400E       0
dist/default/production\VolumeControl.X.production.o
                cinit                                15       15        B        8       0
                intentry                              4        4        E        8       0
                text30                              7BE      7BE        C      DDA       0
                text29                              530      530       3C        8       0
                text28                              7AC      7AC       12      DDA       0
                text27                              189      189      165        8       0
                text26                              775      775       13      DDA       0
                text25                              761      761       14      DDA       0
                text24                              707      707       1A      DDA       0
                text23                              5D9      5D9       31        8       0
                text22                              454      454       5E        8       0
                text21                              60A      60A       2E        8       0
                text20                              74D      74D       14      DDA       0
                text19                              7DA      7DA        8      DDA       0
                text18                              56C      56C       3A        8       0
                text17                              79A      79A       12      DDA       0
                text16                               20       20      169        8       0
                text15                              737      737       16      DDA       0
                text14                              2EE      2EE      107        8       0
                text13                              721      721       16      DDA       0
                text12                              65C      65C       20        8       0
                text11                              4F1      4F1       3F        8       0
                text10                              788      788       12      DDA       0
                text9                               638      638       24        8       0
                text8                               7E2      7E2        4      DDA       0
                text7                               6B6      6B6       1D        8       0
                text6                               699      699       1D        8       0
                text5                               6ED      6ED       1A      DDA       0
                text4                               7D2      7D2        8      DDA       0
                text3                               67C      67C       1D        8       0
                text2                               3F5      3F5       5F        8       0
                text1                               4B2      4B2       3F        8       0
                maintext                            5A6      5A6       33        8       0
                cstackBANK0                          41       41       1B       20       1
                cstackCOMMON                         70       70        E       70       1
                cstackBANK1                          A0       A0       10       A0       1
                clrtext                             7CA      7CA        8      DDA       0
                bssBANK0                             20       20       21       20       1
                strings                             6D3      6D3       1A      DA6       0

TOTAL           Name                               Link     Load   Length     Space
        CLASS   STACK          

        CLASS   CODE           
                end_init                             12       12        3         0
                cinit                                15       15        B         0
                intentry                              4        4        E         0
                reset_vec                             0        0        3         0
                text30                              7BE      7BE        C         0
                text29                              530      530       3C         0
                text28                              7AC      7AC       12         0
                text27                              189      189      165         0
                text26                              775      775       13         0
                text25                              761      761       14         0
                text24                              707      707       1A         0
                text23                              5D9      5D9       31         0
                text22                              454      454       5E         0
                text21                              60A      60A       2E         0
                text20                              74D      74D       14         0
                text19                              7DA      7DA        8         0
                text18                              56C      56C       3A         0
                text17                              79A      79A       12         0
                text16                               20       20      169         0
                text15                              737      737       16         0
                text14                              2EE      2EE      107         0
                text13                              721      721       16         0
                text12                              65C      65C       20         0
                text11                              4F1      4F1       3F         0
                text10                              788      788       12         0
                text9                               638      638       24         0
                text8                               7E2      7E2        4         0
                text7                               6B6      6B6       1D         0
                text6                               699      699       1D         0
                text5                               6ED      6ED       1A         0
                text4                               7D2      7D2        8         0
                text3                               67C      67C       1D         0
                text2                               3F5      3F5       5F         0
                text1                               4B2      4B2       3F         0
                maintext                            5A6      5A6       33         0
                clrtext                             7CA      7CA        8         0

        CLASS   STRCODE        

        CLASS   STRING         
                strings                             6D3      6D3       1A         0

        CLASS   CONST          

        CLASS   ENTRY          

        CLASS   COMMON         
                cstackCOMMON                         70       70        E         1

        CLASS   BANK0          
                cstackBANK0                          41       41       1B         1
                bssBANK0                             20       20       21         1

        CLASS   BANK1          
                cstackBANK1                          A0       A0       10         1

        CLASS   BANK2          

        CLASS   BANK3          

        CLASS   RAM            

        CLASS   ABS1           
                abs_s1                               7E       7E        2         1

        CLASS   SFR0           

        CLASS   SFR1           

        CLASS   SFR2           

        CLASS   SFR3           

        CLASS   CONFIG         
                config                             2007     2007        1         0

        CLASS   IDLOC          

        CLASS   EEDATA         



SEGMENTS        Name                           Load    Length   Top    Selector   Space  Class     Delta

                reset_vec                      000000  000003  000003         0       0  CODE        2
                intentry                       000004  0006CF  0006D3         8       0  CODE        2
                bssBANK0                       000020  00003C  00005C        20       1  BANK0       1
                cstackCOMMON                   000070  00000E  00007E        70       1  COMMON      1
                cstackBANK1                    0000A0  000010  0000B0        A0       1  BANK1       1
                strings                        0006D3  00001A  0006ED       DA6       0  STRING      2
                text5                          0006ED  0000F9  0007E6       DDA       0  CODE        2
                config                         002007  000001  002008      400E       0  CONFIG      2


UNUSED ADDRESS RANGES

        Name                Unused          Largest block    Delta
        BANK0            005C-006F             14           1
        BANK1            00B0-00EF             40           1
        BANK2            0110-016F             60           1
        BANK3            0190-01EF             60           1
        CODE             0003-0003              1           2
                         07E6-1FFF            800
        CONST            0003-0003              1           2
                         07E6-1FFF            100
        EEDATA           2100-21FF            100           2
        ENTRY            0003-0003              1           2
                         07E6-1FFF            100
        IDLOC            2000-2003              4           2
        RAM              005C-006F             14           1
                         00B0-00EF             40
                         0110-016F             60
                         0190-01EF             60
        SFR0             0000-001F             20           1
        SFR1             0080-009F             20           1
        SFR2             0100-010F             10           1
        SFR3             0180-018F             10           1
        STACK            0110-016F             60           1
        STRCODE          0003-0003              1           2
                         07E6-1FFF           181A
        STRING           0003-0003              1           2
                         07E6-1FFF            100

                                  Symbol Table

?___lwdiv                       cstackCOMMON 0070
ADC_read@ch                     cstackCOMMON 0073
ADC_read@pval                   cstackCOMMON 0070
Convert_IntToString@nStr        bssBANK0     0034
DSP_update@DSP_counter          bssBANK0     0021
DSP_update@i                    cstackBANK0  004C
DSP_update@slider               cstackBANK0  004A
DSP_update@str                  bssBANK0     0023
LCD_char@ch                     cstackBANK1  00A8
LCD_char@col                    cstackBANK1  00A6
LCD_char@line                   cstackBANK1  00A5
LCD_cmd@cmd                     cstackBANK0  005B
LCD_goTo@address                cstackBANK1  00A4
LCD_goTo@col                    cstackBANK1  00A0
LCD_goTo@line                   cstackBANK1  00A3
LCD_init@mode                   cstackBANK1  00A2
LCD_out@data                    cstackBANK0  0059
LCD_str@col                     cstackBANK1  00AC
LCD_str@line                    cstackBANK1  00AB
LCD_str@str                     cstackBANK1  00A9
SLIDER_getVal@pVal              cstackCOMMON 0070
SLIDER_update@SLIDER_counter    bssBANK0     0022
T0_counter_mode_state@s         cstackBANK0  0057
T0_timer_mode_state@s           cstackBANK0  0057
_ADC_init                       text9        0638
_ADC_read                       text21       060A
_ADC_read$58                    cstackCOMMON 0074
_ADRESH                         (abs)        001E
_ADRESL                         (abs)        009E
_DSP_init                       text10       0788
_DSP_update                     text22       0454
_ISR                            text18       056C
_LCD_char                       text12       065C
_LCD_cmd                        text15       0737
_LCD_goTo                       text13       0721
_LCD_init                       text14       02EE
_LCD_latch                      text17       079A
_LCD_out                        text16       0020
_LCD_str                        text11       04F1
_SLIDER_getVal                  text30       07BE
_SLIDER_init                    text8        07E2
_SLIDER_update                  text20       074D
_SLIDER_val                     bssBANK0     003F
_T0_counter_mode_state          text7        06B6
_T0_timer_mode_state            text6        0699
__CFG_BOREN$ON                  (abs)        0000
__CFG_CP$OFF                    (abs)        0000
__CFG_CPD$OFF                   (abs)        0000
__CFG_FOSC$HS                   (abs)        0000
__CFG_LVP$OFF                   (abs)        0000
__CFG_PWRTE$ON                  (abs)        0000
__CFG_WDTE$OFF                  (abs)        0000
__CFG_WRT$OFF                   (abs)        0000
__Habs1                         abs1         0000
__Hbank0                        bank0        0000
__Hbank1                        bank1        0000
__Hbank2                        bank2        0000
__Hbank3                        bank3        0000
__HbssBANK0                     bssBANK0     0000
__Hcinit                        cinit        0020
__Hclrtext                      clrtext      0000
__Hcode                         code         0000
__Hcommon                       common       0000
__Hconfig                       config       2008
__HcstackBANK0                  cstackBANK0  0000
__HcstackBANK1                  cstackBANK1  0000
__HcstackCOMMON                 cstackCOMMON 0000
__Heeprom_data                  eeprom_data  0000
__Hend_init                     end_init     0015
__Hfunctab                      functab      0000
__Hidloc                        idloc        0000
__Hinit                         init         0012
__Hintentry                     intentry     0012
__Hmaintext                     maintext     0000
__Hpowerup                      powerup      0000
__Hram                          ram          0000
__Hreset_vec                    reset_vec    0003
__Hsfr0                         sfr0         0000
__Hsfr1                         sfr1         0000
__Hsfr2                         sfr2         0000
__Hsfr3                         sfr3         0000
__Hspace_0                      (abs)        2008
__Hspace_1                      (abs)        00B0
__Hspace_2                      (abs)        0000
__Hspace_3                      (abs)        0000
__Hstack                        stack        0000
__Hstrings                      strings      0000
__Htext                         text         0000
__Labs1                         abs1         0000
__Lbank0                        bank0        0000
__Lbank1                        bank1        0000
__Lbank2                        bank2        0000
__Lbank3                        bank3        0000
__LbssBANK0                     bssBANK0     0000
__Lcinit                        cinit        0015
__Lclrtext                      clrtext      0000
__Lcode                         code         0000
__Lcommon                       common       0000
__Lconfig                       config       2007
__LcstackBANK0                  cstackBANK0  0000
__LcstackBANK1                  cstackBANK1  0000
__LcstackCOMMON                 cstackCOMMON 0000
__Leeprom_data                  eeprom_data  0000
__Lend_init                     end_init     0012
__Lfunctab                      functab      0000
__Lidloc                        idloc        0000
__Linit                         init         0012
__Lintentry                     intentry     0004
__Lmaintext                     maintext     0000
__Lpowerup                      powerup      0000
__Lram                          ram          0000
__Lreset_vec                    reset_vec    0000
__Lsfr0                         sfr0         0000
__Lsfr1                         sfr1         0000
__Lsfr2                         sfr2         0000
__Lsfr3                         sfr3         0000
__Lspace_0                      (abs)        0000
__Lspace_1                      (abs)        0000
__Lspace_2                      (abs)        0000
__Lspace_3                      (abs)        0000
__Lstack                        stack        0000
__Lstrings                      strings      0000
__Ltext                         text         0000
__S0                            (abs)        2008
__S1                            (abs)        00B0
__S2                            (abs)        0000
__S3                            (abs)        0000
___int_sp                       stack        0000
___latbits                      (abs)        0002
___lwdiv                        text29       0530
___lwdiv@counter                cstackCOMMON 0077
___lwdiv@dividend               cstackCOMMON 0072
___lwdiv@divisor                cstackCOMMON 0070
___lwdiv@quotient               cstackCOMMON 0075
___sp                           stack        0000
___stackhi                      (abs)        0000
___stacklo                      (abs)        0000
__end_of_ADC_init               text9        065C
__end_of_ADC_read               text21       0638
__end_of_DSP_init               text10       079A
__end_of_DSP_update             text22       04B2
__end_of_ISR                    text18       05A6
__end_of_LCD_char               text12       067C
__end_of_LCD_cmd                text15       074D
__end_of_LCD_goTo               text13       0737
__end_of_LCD_init               text14       03F5
__end_of_LCD_latch              text17       07AC
__end_of_LCD_out                text16       0189
__end_of_LCD_str                text11       0530
__end_of_SLIDER_getVal          text30       07CA
__end_of_SLIDER_init            text8        07E6
__end_of_SLIDER_update          text20       0761
__end_of_T0_counter_mode_state  text7        06D3
__end_of_T0_timer_mode_state    text6        06B6
__end_of___lwdiv                text29       056C
__end_of__initialization        cinit        001C
__end_of__stringtab             strings      06E3
__end_of_main                   maintext     05D9
__end_of_timer0_init            text1        04F1
__end_of_timer0_ovf_setState    text5        0707
__end_of_timer0_reload          text4        07DA
__end_of_timer0_set_mode        text3        0699
__end_of_timer0_set_prescaller  text2        0454
__end_ofi1_LCD_char             text24       0721
__end_ofi1_LCD_cmd              text26       0788
__end_ofi1_LCD_goTo             text25       0775
__end_ofi1_LCD_latch            text28       07BE
__end_ofi1_LCD_out              text27       02EE
__end_ofi1_LCD_str              text23       060A
__end_ofi1_timer0_reload        text19       07E2
__initialization                cinit        0015
__pbssBANK0                     bssBANK0     0020
__pcstackBANK0                  cstackBANK0  0041
__pcstackBANK1                  cstackBANK1  00A0
__pcstackCOMMON                 cstackCOMMON 0070
__pintentry                     intentry     0004
__pmaintext                     maintext     05A6
__pstrings                      strings      06D3
__ptext1                        text1        04B2
__ptext10                       text10       0788
__ptext11                       text11       04F1
__ptext12                       text12       065C
__ptext13                       text13       0721
__ptext14                       text14       02EE
__ptext15                       text15       0737
__ptext16                       text16       0020
__ptext17                       text17       079A
__ptext18                       text18       056C
__ptext19                       text19       07DA
__ptext2                        text2        03F5
__ptext20                       text20       074D
__ptext21                       text21       060A
__ptext22                       text22       0454
__ptext23                       text23       05D9
__ptext24                       text24       0707
__ptext25                       text25       0761
__ptext26                       text26       0775
__ptext27                       text27       0189
__ptext28                       text28       07AC
__ptext29                       text29       0530
__ptext3                        text3        067C
__ptext30                       text30       07BE
__ptext4                        text4        07D2
__ptext5                        text5        06ED
__ptext6                        text6        0699
__ptext7                        text7        06B6
__ptext8                        text8        07E2
__ptext9                        text9        0638
__size_of_ADC_init              (abs)        0000
__size_of_ADC_read              (abs)        0000
__size_of_DSP_init              (abs)        0000
__size_of_DSP_update            (abs)        0000
__size_of_ISR                   (abs)        0000
__size_of_LCD_char              (abs)        0000
__size_of_LCD_cmd               (abs)        0000
__size_of_LCD_goTo              (abs)        0000
__size_of_LCD_init              (abs)        0000
__size_of_LCD_latch             (abs)        0000
__size_of_LCD_out               (abs)        0000
__size_of_LCD_str               (abs)        0000
__size_of_SLIDER_getVal         (abs)        0000
__size_of_SLIDER_init           (abs)        0000
__size_of_SLIDER_update         (abs)        0000
__size_of_T0_counter_mode_state (abs)        0000
__size_of_T0_timer_mode_state   (abs)        0000
__size_of___lwdiv               (abs)        0000
__size_of_main                  (abs)        0000
__size_of_timer0_init           (abs)        0000
__size_of_timer0_ovf_setState   (abs)        0000
__size_of_timer0_reload         (abs)        0000
__size_of_timer0_set_mode       (abs)        0000
__size_of_timer0_set_prescaller (abs)        0000
__size_ofi1_LCD_char            (abs)        0000
__size_ofi1_LCD_cmd             (abs)        0000
__size_ofi1_LCD_goTo            (abs)        0000
__size_ofi1_LCD_latch           (abs)        0000
__size_ofi1_LCD_out             (abs)        0000
__size_ofi1_LCD_str             (abs)        0000
__size_ofi1_timer0_reload       (abs)        0000
__stringbase                    strings      06E2
__stringtab                     strings      06D3
_currentMode                    bssBANK0     0020
_main                           maintext     05A6
_timer0_init                    text1        04B2
_timer0_ovf_setState            text5        06ED
_timer0_reload                  text4        07D2
_timer0_set_mode                text3        067C
_timer0_set_prescaller          text2        03F5
btemp                           (abs)        007E
clear_ram0                      clrtext      07CA
end_of_initialization           cinit        001C
i1LCD_char@ch                   cstackBANK0  0042
i1LCD_char@col                  cstackCOMMON 007D
i1LCD_char@line                 cstackCOMMON 007C
i1LCD_cmd@cmd                   cstackCOMMON 0076
i1LCD_goTo@address              cstackCOMMON 007B
i1LCD_goTo@col                  cstackCOMMON 0077
i1LCD_goTo@line                 cstackCOMMON 007A
i1LCD_out@data                  cstackCOMMON 0074
i1LCD_str@col                   cstackBANK0  0046
i1LCD_str@line                  cstackBANK0  0045
i1LCD_str@str                   cstackBANK0  0043
i1_LCD_char                     text24       0707
i1_LCD_cmd                      text26       0775
i1_LCD_goTo                     text25       0761
i1_LCD_latch                    text28       07AC
i1_LCD_out                      text27       0189
i1_LCD_str                      text23       05D9
i1_timer0_reload                text19       07DA
i1timer0_reload@val             cstackCOMMON 0071
interrupt_function              intentry     0004
intlevel0                       functab      0000
intlevel1                       functab      0000
intlevel2                       functab      0000
intlevel3                       functab      0000
intlevel4                       functab      0000
intlevel5                       functab      0000
reset_vec                       reset_vec    0000
saved_w                         (abs)        007E
start                           init         0012
start_initialization            cinit        0015
timer0_init@m                   cstackBANK0  0058
timer0_init@o                   cstackBANK0  0059
timer0_init@p                   cstackBANK1  00A0
timer0_ovf_setState@o           cstackBANK0  0057
timer0_reload@val               cstackBANK0  0056
timer0_set_mode@m               cstackBANK0  0057
timer0_set_prescaller@p         cstackBANK0  0057
wtemp0                          (abs)        007E


FUNCTION INFORMATION:

 *************** function _main *****************
 Defined at:
		line 15 in file "VolumeControl.c"
 Parameters:    Size  Location     Type
		None
 Auto vars:     Size  Location     Type
  val             2    0        unsigned short 
 Return value:  Size  Location     Type
                  1    wreg      void 
 Registers used:
		wreg, fsr0l, fsr0h, status,2, status,0, btemp+1, pclath, cstack
 Tracked objects:
		On entry : 
		On exit  : 
		Unchanged: 
 Data sizes:     COMMON   BANK0   BANK1   BANK3   BANK2
      Params:         0       0       0       0       0
      Locals:         0       0       0       0       0
      Temps:          0       0       1       0       0
      Totals:         0       0       1       0       0
Total ram usage:        1 bytes
 Hardware stack levels required when called:   15
 This function calls:
		_DSP_init
		_SLIDER_init
		_T0_timer_mode_state
		_timer0_init
		_timer0_reload
 This function is called by:
		Startup code after reset
 This function uses a non-reentrant model


 *************** function _timer0_init *****************
 Defined at:
		line 9 in file "TIMER0.c"
 Parameters:    Size  Location     Type
  p               1    wreg     enum E891
  m               1   23[BANK0 ] enum E901
  o               1   24[BANK0 ] enum E909
 Auto vars:     Size  Location     Type
  p               1    0[BANK1 ] enum E891
 Return value:  Size  Location     Type
                  1    wreg      void 
 Registers used:
		wreg, fsr0l, fsr0h, status,2, status,0, pclath, cstack
 Tracked objects:
		On entry : 
		On exit  : 
		Unchanged: 
 Data sizes:     COMMON   BANK0   BANK1   BANK3   BANK2
      Params:         0       2       0       0       0
      Locals:         0       0       1       0       0
      Temps:          0       2       0       0       0
      Totals:         0       4       1       0       0
Total ram usage:        5 bytes
 Hardware stack levels used:    1
 Hardware stack levels required when called:    9
 This function calls:
		_T0_counter_mode_state
		_T0_timer_mode_state
		_timer0_ovf_setState
		_timer0_reload
		_timer0_set_mode
		_timer0_set_prescaller
 This function is called by:
		_main
 This function uses a non-reentrant model


 *************** function _timer0_set_prescaller *****************
 Defined at:
		line 71 in file "TIMER0.c"
 Parameters:    Size  Location     Type
  p               1    wreg     enum E891
 Auto vars:     Size  Location     Type
  p               1   22[BANK0 ] enum E891
 Return value:  Size  Location     Type
                  1    wreg      void 
 Registers used:
		wreg, fsr0l, fsr0h, status,2, status,0
 Tracked objects:
		On entry : 
		On exit  : 
		Unchanged: 
 Data sizes:     COMMON   BANK0   BANK1   BANK3   BANK2
      Params:         0       0       0       0       0
      Locals:         0       1       0       0       0
      Temps:          0       2       0       0       0
      Totals:         0       3       0       0       0
Total ram usage:        3 bytes
 Hardware stack levels used:    1
 Hardware stack levels required when called:    8
 This function calls:
		Nothing
 This function is called by:
		_timer0_init
 This function uses a non-reentrant model


 *************** function _timer0_set_mode *****************
 Defined at:
		line 104 in file "TIMER0.c"
 Parameters:    Size  Location     Type
  m               1    wreg     enum E901
 Auto vars:     Size  Location     Type
  m               1   22[BANK0 ] enum E901
 Return value:  Size  Location     Type
                  1    wreg      void 
 Registers used:
		wreg, fsr0l, fsr0h, status,2, status,0
 Tracked objects:
		On entry : 
		On exit  : 
		Unchanged: 
 Data sizes:     COMMON   BANK0   BANK1   BANK3   BANK2
      Params:         0       0       0       0       0
      Locals:         0       1       0       0       0
      Temps:          0       2       0       0       0
      Totals:         0       3       0       0       0
Total ram usage:        3 bytes
 Hardware stack levels used:    1
 Hardware stack levels required when called:    8
 This function calls:
		Nothing
 This function is called by:
		_timer0_init
 This function uses a non-reentrant model


 *************** function _timer0_reload *****************
 Defined at:
		line 32 in file "TIMER0.c"
 Parameters:    Size  Location     Type
  val             1    wreg     unsigned char 
 Auto vars:     Size  Location     Type
  val             1   21[BANK0 ] unsigned char 
 Return value:  Size  Location     Type
                  1    wreg      void 
 Registers used:
		wreg
 Tracked objects:
		On entry : 
		On exit  : 
		Unchanged: 
 Data sizes:     COMMON   BANK0   BANK1   BANK3   BANK2
      Params:         0       0       0       0       0
      Locals:         0       1       0       0       0
      Temps:          0       1       0       0       0
      Totals:         0       2       0       0       0
Total ram usage:        2 bytes
 Hardware stack levels used:    1
 Hardware stack levels required when called:    8
 This function calls:
		Nothing
 This function is called by:
		_main
		_timer0_init
 This function uses a non-reentrant model


 *************** function _timer0_ovf_setState *****************
 Defined at:
		line 119 in file "TIMER0.c"
 Parameters:    Size  Location     Type
  o               1    wreg     enum E909
 Auto vars:     Size  Location     Type
  o               1   22[BANK0 ] enum E909
 Return value:  Size  Location     Type
                  1    wreg      void 
 Registers used:
		wreg, fsr0l, fsr0h, status,2, status,0
 Tracked objects:
		On entry : 
		On exit  : 
		Unchanged: 
 Data sizes:     COMMON   BANK0   BANK1   BANK3   BANK2
      Params:         0       0       0       0       0
      Locals:         0       1       0       0       0
      Temps:          0       2       0       0       0
      Totals:         0       3       0       0       0
Total ram usage:        3 bytes
 Hardware stack levels used:    1
 Hardware stack levels required when called:    8
 This function calls:
		Nothing
 This function is called by:
		_timer0_init
 This function uses a non-reentrant model


 *************** function _T0_timer_mode_state *****************
 Defined at:
		line 40 in file "TIMER0.c"
 Parameters:    Size  Location     Type
  s               1    wreg     enum E905
 Auto vars:     Size  Location     Type
  s               1   22[BANK0 ] enum E905
 Return value:  Size  Location     Type
                  1    wreg      void 
 Registers used:
		wreg, fsr0l, fsr0h, status,2, status,0
 Tracked objects:
		On entry : 
		On exit  : 
		Unchanged: 
 Data sizes:     COMMON   BANK0   BANK1   BANK3   BANK2
      Params:         0       0       0       0       0
      Locals:         0       1       0       0       0
      Temps:          0       2       0       0       0
      Totals:         0       3       0       0       0
Total ram usage:        3 bytes
 Hardware stack levels used:    1
 Hardware stack levels required when called:    8
 This function calls:
		Nothing
 This function is called by:
		_main
		_timer0_init
 This function uses a non-reentrant model


 *************** function _T0_counter_mode_state *****************
 Defined at:
		line 55 in file "TIMER0.c"
 Parameters:    Size  Location     Type
  s               1    wreg     enum E905
 Auto vars:     Size  Location     Type
  s               1   22[BANK0 ] enum E905
 Return value:  Size  Location     Type
                  1    wreg      void 
 Registers used:
		wreg, fsr0l, fsr0h, status,2, status,0
 Tracked objects:
		On entry : 
		On exit  : 
		Unchanged: 
 Data sizes:     COMMON   BANK0   BANK1   BANK3   BANK2
      Params:         0       0       0       0       0
      Locals:         0       1       0       0       0
      Temps:          0       2       0       0       0
      Totals:         0       3       0       0       0
Total ram usage:        3 bytes
 Hardware stack levels used:    1
 Hardware stack levels required when called:    8
 This function calls:
		Nothing
 This function is called by:
		_timer0_init
 This function uses a non-reentrant model


 *************** function _SLIDER_init *****************
 Defined at:
		line 28 in file "SLIDER.c"
 Parameters:    Size  Location     Type
		None
 Auto vars:     Size  Location     Type
		None
 Return value:  Size  Location     Type
                  1    wreg      void 
 Registers used:
		wreg, status,2, status,0, pclath, cstack
 Tracked objects:
		On entry : 
		On exit  : 
		Unchanged: 
 Data sizes:     COMMON   BANK0   BANK1   BANK3   BANK2
      Params:         0       0       0       0       0
      Locals:         0       0       0       0       0
      Temps:          0       0       0       0       0
      Totals:         0       0       0       0       0
Total ram usage:        0 bytes
 Hardware stack levels used:    1
 Hardware stack levels required when called:    9
 This function calls:
		_ADC_init
 This function is called by:
		_main
 This function uses a non-reentrant model


 *************** function _ADC_init *****************
 Defined at:
		line 19 in file "ADC.c"
 Parameters:    Size  Location     Type
		None
 Auto vars:     Size  Location     Type
		None
 Return value:  Size  Location     Type
                  1    wreg      void 
 Registers used:
		wreg, status,2
 Tracked objects:
		On entry : 
		On exit  : 
		Unchanged: 
 Data sizes:     COMMON   BANK0   BANK1   BANK3   BANK2
      Params:         0       0       0       0       0
      Locals:         0       0       0       0       0
      Temps:          0       1       0       0       0
      Totals:         0       1       0       0       0
Total ram usage:        1 bytes
 Hardware stack levels used:    1
 Hardware stack levels required when called:    8
 This function calls:
		Nothing
 This function is called by:
		_SLIDER_init
 This function uses a non-reentrant model


 *************** function _DSP_init *****************
 Defined at:
		line 21 in file "DISPLAY.c"
 Parameters:    Size  Location     Type
		None
 Auto vars:     Size  Location     Type
		None
 Return value:  Size  Location     Type
                  1    wreg      void 
 Registers used:
		wreg, fsr0l, fsr0h, status,2, status,0, btemp+1, pclath, cstack
 Tracked objects:
		On entry : 
		On exit  : 
		Unchanged: 
 Data sizes:     COMMON   BANK0   BANK1   BANK3   BANK2
      Params:         0       0       0       0       0
      Locals:         0       0       0       0       0
      Temps:          0       0       0       0       0
      Totals:         0       0       0       0       0
Total ram usage:        0 bytes
 Hardware stack levels used:    1
 Hardware stack levels required when called:   14
 This function calls:
		_LCD_init
		_LCD_str
 This function is called by:
		_main
 This function uses a non-reentrant model


 *************** function _LCD_str *****************
 Defined at:
		line 161 in file "LCD.c"
 Parameters:    Size  Location     Type
  str             2    9[BANK1 ] PTR unsigned char 
		 -> Convert_IntToString@nStr(11), DSP_update@str(17), STR_1(10), 
  line            1   11[BANK1 ] enum E895
  col             1   12[BANK1 ] enum E899
 Auto vars:     Size  Location     Type
		None
 Return value:  Size  Location     Type
                  1    wreg      void 
 Registers used:
		wreg, fsr0l, fsr0h, status,2, status,0, btemp+1, pclath, cstack
 Tracked objects:
		On entry : 
		On exit  : 
		Unchanged: 
 Data sizes:     COMMON   BANK0   BANK1   BANK3   BANK2
      Params:         0       0       4       0       0
      Locals:         0       0       0       0       0
      Temps:          0       0       2       0       0
      Totals:         0       0       6       0       0
Total ram usage:        6 bytes
 Hardware stack levels used:    1
 Hardware stack levels required when called:   13
 This function calls:
		_LCD_char
 This function is called by:
		_DSP_init
		_LCD_num
 This function uses a non-reentrant model


 *************** function _LCD_char *****************
 Defined at:
		line 149 in file "LCD.c"
 Parameters:    Size  Location     Type
  ch              1    wreg     unsigned char 
  line            1    5[BANK1 ] enum E895
  col             1    6[BANK1 ] enum E899
 Auto vars:     Size  Location     Type
  ch              1    8[BANK1 ] unsigned char 
 Return value:  Size  Location     Type
                  1    wreg      void 
 Registers used:
		wreg, status,2, status,0, pclath, cstack
 Tracked objects:
		On entry : 
		On exit  : 
		Unchanged: 
 Data sizes:     COMMON   BANK0   BANK1   BANK3   BANK2
      Params:         0       0       2       0       0
      Locals:         0       0       1       0       0
      Temps:          0       0       1       0       0
      Totals:         0       0       4       0       0
Total ram usage:        4 bytes
 Hardware stack levels used:    1
 Hardware stack levels required when called:   12
 This function calls:
		_LCD_goTo
		_LCD_out
 This function is called by:
		_LCD_str
 This function uses a non-reentrant model


 *************** function _LCD_goTo *****************
 Defined at:
		line 211 in file "LCD.c"
 Parameters:    Size  Location     Type
  line            1    wreg     enum E895
  col             1    0[BANK1 ] enum E899
 Auto vars:     Size  Location     Type
  line            1    3[BANK1 ] enum E895
  address         1    4[BANK1 ] unsigned char 
 Return value:  Size  Location     Type
                  1    wreg      void 
 Registers used:
		wreg, status,2, status,0, pclath, cstack
 Tracked objects:
		On entry : 
		On exit  : 
		Unchanged: 
 Data sizes:     COMMON   BANK0   BANK1   BANK3   BANK2
      Params:         0       0       1       0       0
      Locals:         0       0       2       0       0
      Temps:          0       0       2       0       0
      Totals:         0       0       5       0       0
Total ram usage:        5 bytes
 Hardware stack levels used:    1
 Hardware stack levels required when called:   11
 This function calls:
		_LCD_cmd
 This function is called by:
		_LCD_char
 This function uses a non-reentrant model


 *************** function _LCD_init *****************
 Defined at:
		line 82 in file "LCD.c"
 Parameters:    Size  Location     Type
  mode            1    wreg     enum E891
 Auto vars:     Size  Location     Type
  mode            1    2[BANK1 ] enum E891
 Return value:  Size  Location     Type
                  1    wreg      void 
 Registers used:
		wreg, status,2, status,0, pclath, cstack
 Tracked objects:
		On entry : 
		On exit  : 
		Unchanged: 
 Data sizes:     COMMON   BANK0   BANK1   BANK3   BANK2
      Params:         0       0       0       0       0
      Locals:         0       0       1       0       0
      Temps:          0       0       2       0       0
      Totals:         0       0       3       0       0
Total ram usage:        3 bytes
 Hardware stack levels used:    1
 Hardware stack levels required when called:   11
 This function calls:
		_LCD_cmd
 This function is called by:
		_DSP_init
 This function uses a non-reentrant model


 *************** function _LCD_cmd *****************
 Defined at:
		line 201 in file "LCD.c"
 Parameters:    Size  Location     Type
  cmd             1    wreg     unsigned char 
 Auto vars:     Size  Location     Type
  cmd             1   26[BANK0 ] unsigned char 
 Return value:  Size  Location     Type
                  1    wreg      void 
 Registers used:
		wreg, status,2, status,0, pclath, cstack
 Tracked objects:
		On entry : 
		On exit  : 
		Unchanged: 
 Data sizes:     COMMON   BANK0   BANK1   BANK3   BANK2
      Params:         0       0       0       0       0
      Locals:         0       1       0       0       0
      Temps:          0       1       0       0       0
      Totals:         0       2       0       0       0
Total ram usage:        2 bytes
 Hardware stack levels used:    1
 Hardware stack levels required when called:   10
 This function calls:
		_LCD_out
 This function is called by:
		_LCD_init
		_LCD_goTo
		_LCD_clear
		_LCD_ON
		_LCD_OFF
		_LCD_custom
 This function uses a non-reentrant model


 *************** function _LCD_out *****************
 Defined at:
		line 232 in file "LCD.c"
 Parameters:    Size  Location     Type
  data            1    wreg     unsigned char 
 Auto vars:     Size  Location     Type
  data            1   24[BANK0 ] unsigned char 
 Return value:  Size  Location     Type
                  1    wreg      void 
 Registers used:
		wreg, status,2, status,0, pclath, cstack
 Tracked objects:
		On entry : 
		On exit  : 
		Unchanged: 
 Data sizes:     COMMON   BANK0   BANK1   BANK3   BANK2
      Params:         0       0       0       0       0
      Locals:         0       1       0       0       0
      Temps:          0       3       0       0       0
      Totals:         0       4       0       0       0
Total ram usage:        4 bytes
 Hardware stack levels used:    1
 Hardware stack levels required when called:    9
 This function calls:
		_LCD_latch
 This function is called by:
		_LCD_char
		_LCD_cmd
		_LCD_custom
 This function uses a non-reentrant model


 *************** function _LCD_latch *****************
 Defined at:
		line 221 in file "LCD.c"
 Parameters:    Size  Location     Type
		None
 Auto vars:     Size  Location     Type
		None
 Return value:  Size  Location     Type
                  1    wreg      void 
 Registers used:
		wreg, status,2
 Tracked objects:
		On entry : 
		On exit  : 
		Unchanged: 
 Data sizes:     COMMON   BANK0   BANK1   BANK3   BANK2
      Params:         0       0       0       0       0
      Locals:         0       0       0       0       0
      Temps:          0       1       0       0       0
      Totals:         0       1       0       0       0
Total ram usage:        1 bytes
 Hardware stack levels used:    1
 Hardware stack levels required when called:    8
 This function calls:
		Nothing
 This function is called by:
		_LCD_out
 This function uses a non-reentrant model


 *************** function _ISR *****************
 Defined at:
		line 32 in file "VolumeControl.c"
 Parameters:    Size  Location     Type
		None
 Auto vars:     Size  Location     Type
		None
 Return value:  Size  Location     Type
                  1    wreg      void 
 Registers used:
		wreg, fsr0l, fsr0h, status,2, status,0, btemp+1, pclath, cstack
 Tracked objects:
		On entry : 
		On exit  : 
		Unchanged: 
 Data sizes:     COMMON   BANK0   BANK1   BANK3   BANK2
      Params:         0       0       0       0       0
      Locals:         0       0       0       0       0
      Temps:          0       7       0       0       0
      Totals:         0       7       0       0       0
Total ram usage:        7 bytes
 Hardware stack levels used:    1
 Hardware stack levels required when called:    7
 This function calls:
		_DSP_update
		_SLIDER_update
		i1_timer0_reload
 This function is called by:
		Interrupt level 1
 This function uses a non-reentrant model


 *************** function i1_timer0_reload *****************
 Defined at:
		line 32 in file "TIMER0.c"
 Parameters:    Size  Location     Type
  val             1    wreg     unsigned char 
 Auto vars:     Size  Location     Type
  val             1    1[COMMON] unsigned char 
 Return value:  Size  Location     Type
                  1    wreg      void 
 Registers used:
		wreg
 Tracked objects:
		On entry : 
		On exit  : 
		Unchanged: 
 Data sizes:     COMMON   BANK0   BANK1   BANK3   BANK2
      Params:         0       0       0       0       0
      Locals:         1       0       0       0       0
      Temps:          1       0       0       0       0
      Totals:         2       0       0       0       0
Total ram usage:        2 bytes
 Hardware stack levels used:    1
 This function calls:
		Nothing
 This function is called by:
		_ISR
 This function uses a non-reentrant model


 *************** function _SLIDER_update *****************
 Defined at:
		line 42 in file "SLIDER.c"
 Parameters:    Size  Location     Type
		None
 Auto vars:     Size  Location     Type
		None
 Return value:  Size  Location     Type
                  1    wreg      void 
 Registers used:
		wreg, fsr0l, fsr0h, status,2, status,0, pclath, cstack
 Tracked objects:
		On entry : 
		On exit  : 
		Unchanged: 
 Data sizes:     COMMON   BANK0   BANK1   BANK3   BANK2
      Params:         0       0       0       0       0
      Locals:         0       0       0       0       0
      Temps:          1       0       0       0       0
      Totals:         1       0       0       0       0
Total ram usage:        1 bytes
 Hardware stack levels used:    1
 Hardware stack levels required when called:    1
 This function calls:
		_ADC_read
 This function is called by:
		_ISR
 This function uses a non-reentrant model


 *************** function _ADC_read *****************
 Defined at:
		line 39 in file "ADC.c"
 Parameters:    Size  Location     Type
  ch              1    wreg     enum E891
  pval            1    0[COMMON] PTR unsigned short 
		 -> SLIDER_val(2), 
 Auto vars:     Size  Location     Type
  ch              1    3[COMMON] enum E891
 Return value:  Size  Location     Type
                  1    wreg      void 
 Registers used:
		wreg, fsr0l, fsr0h, status,2, status,0
 Tracked objects:
		On entry : 
		On exit  : 
		Unchanged: 
 Data sizes:     COMMON   BANK0   BANK1   BANK3   BANK2
      Params:         1       0       0       0       0
      Locals:         3       0       0       0       0
      Temps:          2       0       0       0       0
      Totals:         6       0       0       0       0
Total ram usage:        6 bytes
 Hardware stack levels used:    1
 This function calls:
		Nothing
 This function is called by:
		_SLIDER_update
 This function uses a non-reentrant model


 *************** function _DSP_update *****************
 Defined at:
		line 29 in file "DISPLAY.c"
 Parameters:    Size  Location     Type
		None
 Auto vars:     Size  Location     Type
  i               2   11[BANK0 ] unsigned short 
  slider          2    9[BANK0 ] unsigned short 
 Return value:  Size  Location     Type
                  1    wreg      void 
 Registers used:
		wreg, fsr0l, fsr0h, status,2, status,0, btemp+1, pclath, cstack
 Tracked objects:
		On entry : 
		On exit  : 
		Unchanged: 
 Data sizes:     COMMON   BANK0   BANK1   BANK3   BANK2
      Params:         0       0       0       0       0
      Locals:         0       4       0       0       0
      Temps:          0       1       0       0       0
      Totals:         0       5       0       0       0
Total ram usage:        5 bytes
 Hardware stack levels used:    1
 Hardware stack levels required when called:    6
 This function calls:
		_SLIDER_getVal
		___lwdiv
		i1_LCD_str
 This function is called by:
		_ISR
 This function uses a non-reentrant model


 *************** function i1_LCD_str *****************
 Defined at:
		line 161 in file "LCD.c"
 Parameters:    Size  Location     Type
  str             2    2[BANK0 ] PTR unsigned char 
		 -> Convert_IntToString@nStr(11), DSP_update@str(17), STR_1(10), 
  line            1    4[BANK0 ] enum E895
  col             1    5[BANK0 ] enum E899
 Auto vars:     Size  Location     Type
		None
 Return value:  Size  Location     Type
                  1    wreg      void 
 Registers used:
		wreg, fsr0l, fsr0h, status,2, status,0, btemp+1, pclath, cstack
 Tracked objects:
		On entry : 
		On exit  : 
		Unchanged: 
 Data sizes:     COMMON   BANK0   BANK1   BANK3   BANK2
      Params:         0       4       0       0       0
      Locals:         0       0       0       0       0
      Temps:          0       2       0       0       0
      Totals:         0       6       0       0       0
Total ram usage:        6 bytes
 Hardware stack levels used:    1
 Hardware stack levels required when called:    5
 This function calls:
		i1_LCD_char
 This function is called by:
		_DSP_update
 This function uses a non-reentrant model


 *************** function i1_LCD_char *****************
 Defined at:
		line 149 in file "LCD.c"
 Parameters:    Size  Location     Type
  ch              1    wreg     unsigned char 
  line            1   12[COMMON] enum E895
  col             1   13[COMMON] enum E899
 Auto vars:     Size  Location     Type
  ch              1    1[BANK0 ] unsigned char 
 Return value:  Size  Location     Type
                  1    wreg      void 
 Registers used:
		wreg, status,2, status,0, pclath, cstack
 Tracked objects:
		On entry : 
		On exit  : 
		Unchanged: 
 Data sizes:     COMMON   BANK0   BANK1   BANK3   BANK2
      Params:         2       0       0       0       0
      Locals:         0       1       0       0       0
      Temps:          0       1       0       0       0
      Totals:         2       2       0       0       0
Total ram usage:        4 bytes
 Hardware stack levels used:    1
 Hardware stack levels required when called:    4
 This function calls:
		i1_LCD_goTo
		i1_LCD_out
 This function is called by:
		i1_LCD_str
 This function uses a non-reentrant model


 *************** function i1_LCD_goTo *****************
 Defined at:
		line 211 in file "LCD.c"
 Parameters:    Size  Location     Type
  line            1    wreg     enum E895
  col             1    7[COMMON] enum E899
 Auto vars:     Size  Location     Type
  line            1   10[COMMON] enum E895
  LCD_goTo        1   11[COMMON] unsigned char 
 Return value:  Size  Location     Type
                  1    wreg      void 
 Registers used:
		wreg, status,2, status,0, pclath, cstack
 Tracked objects:
		On entry : 
		On exit  : 
		Unchanged: 
 Data sizes:     COMMON   BANK0   BANK1   BANK3   BANK2
      Params:         1       0       0       0       0
      Locals:         2       0       0       0       0
      Temps:          2       0       0       0       0
      Totals:         5       0       0       0       0
Total ram usage:        5 bytes
 Hardware stack levels used:    1
 Hardware stack levels required when called:    3
 This function calls:
		i1_LCD_cmd
 This function is called by:
		i1_LCD_char
 This function uses a non-reentrant model


 *************** function i1_LCD_cmd *****************
 Defined at:
		line 201 in file "LCD.c"
 Parameters:    Size  Location     Type
  cmd             1    wreg     unsigned char 
 Auto vars:     Size  Location     Type
  cmd             1    6[COMMON] unsigned char 
 Return value:  Size  Location     Type
                  1    wreg      void 
 Registers used:
		wreg, status,2, status,0, pclath, cstack
 Tracked objects:
		On entry : 
		On exit  : 
		Unchanged: 
 Data sizes:     COMMON   BANK0   BANK1   BANK3   BANK2
      Params:         0       0       0       0       0
      Locals:         1       0       0       0       0
      Temps:          1       0       0       0       0
      Totals:         2       0       0       0       0
Total ram usage:        2 bytes
 Hardware stack levels used:    1
 Hardware stack levels required when called:    2
 This function calls:
		i1_LCD_out
 This function is called by:
		i1_LCD_goTo
 This function uses a non-reentrant model


 *************** function i1_LCD_out *****************
 Defined at:
		line 232 in file "LCD.c"
 Parameters:    Size  Location     Type
  data            1    wreg     unsigned char 
 Auto vars:     Size  Location     Type
  data            1    4[COMMON] unsigned char 
 Return value:  Size  Location     Type
                  1    wreg      void 
 Registers used:
		wreg, status,2, status,0, pclath, cstack
 Tracked objects:
		On entry : 
		On exit  : 
		Unchanged: 
 Data sizes:     COMMON   BANK0   BANK1   BANK3   BANK2
      Params:         0       0       0       0       0
      Locals:         1       0       0       0       0
      Temps:          3       0       0       0       0
      Totals:         4       0       0       0       0
Total ram usage:        4 bytes
 Hardware stack levels used:    1
 Hardware stack levels required when called:    1
 This function calls:
		i1_LCD_latch
 This function is called by:
		i1_LCD_char
		i1_LCD_cmd
 This function uses a non-reentrant model


 *************** function i1_LCD_latch *****************
 Defined at:
		line 221 in file "LCD.c"
 Parameters:    Size  Location     Type
		None
 Auto vars:     Size  Location     Type
		None
 Return value:  Size  Location     Type
                  1    wreg      void 
 Registers used:
		wreg, status,2
 Tracked objects:
		On entry : 
		On exit  : 
		Unchanged: 
 Data sizes:     COMMON   BANK0   BANK1   BANK3   BANK2
      Params:         0       0       0       0       0
      Locals:         0       0       0       0       0
      Temps:          1       0       0       0       0
      Totals:         1       0       0       0       0
Total ram usage:        1 bytes
 Hardware stack levels used:    1
 This function calls:
		Nothing
 This function is called by:
		i1_LCD_out
 This function uses a non-reentrant model


 *************** function ___lwdiv *****************
 Defined at:
		line 5 in file "C:\Program Files (x86)\Microchip\xc8\v2.05\pic\sources\c90\common\lwdiv.c"
 Parameters:    Size  Location     Type
  divisor         2    0[COMMON] unsigned int 
  dividend        2    2[COMMON] unsigned int 
 Auto vars:     Size  Location     Type
  quotient        2    5[COMMON] unsigned int 
  counter         1    7[COMMON] unsigned char 
 Return value:  Size  Location     Type
                  2    0[COMMON] unsigned int 
 Registers used:
		wreg, status,2, status,0
 Tracked objects:
		On entry : 
		On exit  : 
		Unchanged: 
 Data sizes:     COMMON   BANK0   BANK1   BANK3   BANK2
      Params:         4       0       0       0       0
      Locals:         3       0       0       0       0
      Temps:          1       0       0       0       0
      Totals:         8       0       0       0       0
Total ram usage:        8 bytes
 Hardware stack levels used:    1
 This function calls:
		Nothing
 This function is called by:
		_DSP_update
 This function uses a non-reentrant model


 *************** function _SLIDER_getVal *****************
 Defined at:
		line 36 in file "SLIDER.c"
 Parameters:    Size  Location     Type
  pVal            1    wreg     PTR unsigned short 
		 -> DSP_update@slider(2), 
 Auto vars:     Size  Location     Type
  pVal            1    0[COMMON] PTR unsigned short 
		 -> DSP_update@slider(2), 
 Return value:  Size  Location     Type
                  1    wreg      void 
 Registers used:
		wreg, fsr0l, fsr0h
 Tracked objects:
		On entry : 
		On exit  : 
		Unchanged: 
 Data sizes:     COMMON   BANK0   BANK1   BANK3   BANK2
      Params:         0       0       0       0       0
      Locals:         1       0       0       0       0
      Temps:          0       0       0       0       0
      Totals:         1       0       0       0       0
Total ram usage:        1 bytes
 Hardware stack levels used:    1
 This function calls:
		Nothing
 This function is called by:
		_DSP_update
 This function uses a non-reentrant model



MODULE INFORMATION

Module		Function		Class		Link	Load	Size
SLIDER.c
		_SLIDER_init   		CODE           	07E2	0000	5
		_SLIDER_getVal 		CODE           	07BE	0000	13
		_SLIDER_update 		CODE           	074D	0000	21

SLIDER.c estimated size: 39

C:\Program Files (x86)\Microchip\xc8\v2.05\pic\sources\c90\common\lwdiv.c
		___lwdiv       		CODE           	0530	0000	61

C:\Program Files (x86)\Microchip\xc8\v2.05\pic\sources\c90\common\lwdiv.c estimated size: 61

shared
		__stringtab    		STRING         	06D3	0000	17
		i1_timer0_reload		CODE           	07DA	0000	9
		i1_LCD_cmd     		CODE           	0775	0000	20
		i1_LCD_str     		CODE           	05D9	0000	50
		i1_LCD_char    		CODE           	0707	0000	27
		i1_LCD_latch   		CODE           	07AC	0000	19
		i1_LCD_out     		CODE           	0189	0000	358
		__initialization		CODE           	0015	0000	8
		i1_LCD_goTo    		CODE           	0761	0000	21

shared estimated size: 529

TIMER0.c
		_T0_timer_mode_state		CODE           	0699	0000	30
		_timer0_ovf_setState		CODE           	06ED	0000	27
		_timer0_init   		CODE           	04B2	0000	64
		_timer0_reload 		CODE           	07D2	0000	9
		_timer0_set_prescaller		CODE           	03F5	0000	96
		_T0_counter_mode_state		CODE           	06B6	0000	30
		_timer0_set_mode		CODE           	067C	0000	30

TIMER0.c estimated size: 286

ADC.c
		_ADC_read      		CODE           	060A	0000	47
		_ADC_init      		CODE           	0638	0000	37

ADC.c estimated size: 84

DISPLAY.c
		_DSP_init      		CODE           	0788	0000	19
		_DSP_update    		CODE           	0454	0000	95

DISPLAY.c estimated size: 114

VolumeControl.c
		_ISR           		CODE           	056C	0000	59
		_main          		CODE           	05A6	0000	52

VolumeControl.c estimated size: 111

LCD.c
		_LCD_goTo      		CODE           	0721	0000	23
		_LCD_latch     		CODE           	079A	0000	19
		_LCD_str       		CODE           	04F1	0000	64
		_LCD_init      		CODE           	02EE	0000	264
		_LCD_out       		CODE           	0020	0000	362
		_LCD_cmd       		CODE           	0737	0000	23
		_LCD_char      		CODE           	065C	0000	33

LCD.c estimated size: 788

